------------------------------------------------------------
Timing Analyzer Summary
------------------------------------------------------------

Type  : Slow 1100mV 85C Model Setup 'CLOCK_50'
Slack : -4.140
TNS   : -182.413

Type  : Slow 1100mV 85C Model Hold 'CLOCK_50'
Slack : 0.268
TNS   : 0.000

Type  : Slow 1100mV 85C Model Minimum Pulse Width 'CLOCK_50'
Slack : -0.538
TNS   : -52.892

Type  : Slow 1100mV 0C Model Setup 'CLOCK_50'
Slack : -4.337
TNS   : -178.186

Type  : Slow 1100mV 0C Model Hold 'CLOCK_50'
Slack : 0.256
TNS   : 0.000

Type  : Slow 1100mV 0C Model Minimum Pulse Width 'CLOCK_50'
Slack : -0.538
TNS   : -46.866

Type  : Fast 1100mV 85C Model Setup 'CLOCK_50'
Slack : -1.481
TNS   : -57.824

Type  : Fast 1100mV 85C Model Hold 'CLOCK_50'
Slack : 0.139
TNS   : 0.000

Type  : Fast 1100mV 85C Model Minimum Pulse Width 'CLOCK_50'
Slack : -0.408
TNS   : -27.831

Type  : Fast 1100mV 0C Model Setup 'CLOCK_50'
Slack : -1.313
TNS   : -47.739

Type  : Fast 1100mV 0C Model Hold 'CLOCK_50'
Slack : 0.124
TNS   : 0.000

Type  : Fast 1100mV 0C Model Minimum Pulse Width 'CLOCK_50'
Slack : -0.446
TNS   : -33.177

------------------------------------------------------------
