------------------------------------------------------------
Timing Analyzer Summary
------------------------------------------------------------

Type  : Slow 1100mV 85C Model Setup 'CLOCK_50'
Slack : -8.934
TNS   : -3898.758

Type  : Slow 1100mV 85C Model Hold 'CLOCK_50'
Slack : 0.279
TNS   : 0.000

Type  : Slow 1100mV 85C Model Recovery 'divisorGenerico_e_Interface:interfaceBaseTempo|flipflop:registraUmSegundo|DOUT'
Slack : -7.208
TNS   : -7.208

Type  : Slow 1100mV 85C Model Recovery 'divisorGenerico_e_Interface:interfaceBaseTempo|divisorGenerico:baseTempo|tick'
Slack : -6.808
TNS   : -6.808

Type  : Slow 1100mV 85C Model Recovery 'KEY[1]'
Slack : -4.073
TNS   : -4.073

Type  : Slow 1100mV 85C Model Recovery 'KEY[2]'
Slack : -4.025
TNS   : -4.025

Type  : Slow 1100mV 85C Model Removal 'KEY[2]'
Slack : 1.143
TNS   : 0.000

Type  : Slow 1100mV 85C Model Removal 'KEY[1]'
Slack : 1.166
TNS   : 0.000

Type  : Slow 1100mV 85C Model Removal 'divisorGenerico_e_Interface:interfaceBaseTempo|divisorGenerico:baseTempo|tick'
Slack : 4.226
TNS   : 0.000

Type  : Slow 1100mV 85C Model Removal 'divisorGenerico_e_Interface:interfaceBaseTempo|flipflop:registraUmSegundo|DOUT'
Slack : 4.685
TNS   : 0.000

Type  : Slow 1100mV 85C Model Minimum Pulse Width 'CLOCK_50'
Slack : -0.540
TNS   : -537.531

Type  : Slow 1100mV 85C Model Minimum Pulse Width 'KEY[2]'
Slack : -0.538
TNS   : -0.896

Type  : Slow 1100mV 85C Model Minimum Pulse Width 'KEY[1]'
Slack : -0.538
TNS   : -0.881

Type  : Slow 1100mV 85C Model Minimum Pulse Width 'divisorGenerico_e_Interface:interfaceBaseTempo|divisorGenerico:baseTempo|tick'
Slack : -0.538
TNS   : -0.799

Type  : Slow 1100mV 85C Model Minimum Pulse Width 'divisorGenerico_e_Interface:interfaceBaseTempo|flipflop:registraUmSegundo|DOUT'
Slack : -0.538
TNS   : -0.770

Type  : Slow 1100mV 0C Model Setup 'CLOCK_50'
Slack : -9.071
TNS   : -3801.842

Type  : Slow 1100mV 0C Model Hold 'CLOCK_50'
Slack : 0.234
TNS   : 0.000

Type  : Slow 1100mV 0C Model Recovery 'divisorGenerico_e_Interface:interfaceBaseTempo|flipflop:registraUmSegundo|DOUT'
Slack : -7.348
TNS   : -7.348

Type  : Slow 1100mV 0C Model Recovery 'divisorGenerico_e_Interface:interfaceBaseTempo|divisorGenerico:baseTempo|tick'
Slack : -6.999
TNS   : -6.999

Type  : Slow 1100mV 0C Model Recovery 'KEY[2]'
Slack : -4.294
TNS   : -4.294

Type  : Slow 1100mV 0C Model Recovery 'KEY[1]'
Slack : -4.244
TNS   : -4.244

Type  : Slow 1100mV 0C Model Removal 'KEY[1]'
Slack : 1.197
TNS   : 0.000

Type  : Slow 1100mV 0C Model Removal 'KEY[2]'
Slack : 1.277
TNS   : 0.000

Type  : Slow 1100mV 0C Model Removal 'divisorGenerico_e_Interface:interfaceBaseTempo|divisorGenerico:baseTempo|tick'
Slack : 4.275
TNS   : 0.000

Type  : Slow 1100mV 0C Model Removal 'divisorGenerico_e_Interface:interfaceBaseTempo|flipflop:registraUmSegundo|DOUT'
Slack : 4.680
TNS   : 0.000

Type  : Slow 1100mV 0C Model Minimum Pulse Width 'CLOCK_50'
Slack : -0.564
TNS   : -476.221

Type  : Slow 1100mV 0C Model Minimum Pulse Width 'KEY[2]'
Slack : -0.538
TNS   : -0.896

Type  : Slow 1100mV 0C Model Minimum Pulse Width 'KEY[1]'
Slack : -0.538
TNS   : -0.893

Type  : Slow 1100mV 0C Model Minimum Pulse Width 'divisorGenerico_e_Interface:interfaceBaseTempo|divisorGenerico:baseTempo|tick'
Slack : -0.538
TNS   : -0.790

Type  : Slow 1100mV 0C Model Minimum Pulse Width 'divisorGenerico_e_Interface:interfaceBaseTempo|flipflop:registraUmSegundo|DOUT'
Slack : -0.538
TNS   : -0.770

Type  : Fast 1100mV 85C Model Setup 'CLOCK_50'
Slack : -4.405
TNS   : -1802.225

Type  : Fast 1100mV 85C Model Hold 'CLOCK_50'
Slack : -0.292
TNS   : -0.860

Type  : Fast 1100mV 85C Model Recovery 'divisorGenerico_e_Interface:interfaceBaseTempo|flipflop:registraUmSegundo|DOUT'
Slack : -3.323
TNS   : -3.323

Type  : Fast 1100mV 85C Model Recovery 'divisorGenerico_e_Interface:interfaceBaseTempo|divisorGenerico:baseTempo|tick'
Slack : -3.123
TNS   : -3.123

Type  : Fast 1100mV 85C Model Recovery 'KEY[1]'
Slack : -1.605
TNS   : -1.605

Type  : Fast 1100mV 85C Model Recovery 'KEY[2]'
Slack : -1.504
TNS   : -1.504

Type  : Fast 1100mV 85C Model Removal 'KEY[1]'
Slack : 0.186
TNS   : 0.000

Type  : Fast 1100mV 85C Model Removal 'KEY[2]'
Slack : 0.218
TNS   : 0.000

Type  : Fast 1100mV 85C Model Removal 'divisorGenerico_e_Interface:interfaceBaseTempo|divisorGenerico:baseTempo|tick'
Slack : 1.913
TNS   : 0.000

Type  : Fast 1100mV 85C Model Removal 'divisorGenerico_e_Interface:interfaceBaseTempo|flipflop:registraUmSegundo|DOUT'
Slack : 2.141
TNS   : 0.000

Type  : Fast 1100mV 85C Model Minimum Pulse Width 'CLOCK_50'
Slack : -0.643
TNS   : -276.037

Type  : Fast 1100mV 85C Model Minimum Pulse Width 'KEY[1]'
Slack : -0.495
TNS   : -1.460

Type  : Fast 1100mV 85C Model Minimum Pulse Width 'KEY[2]'
Slack : -0.438
TNS   : -1.227

Type  : Fast 1100mV 85C Model Minimum Pulse Width 'divisorGenerico_e_Interface:interfaceBaseTempo|divisorGenerico:baseTempo|tick'
Slack : 0.102
TNS   : 0.000

Type  : Fast 1100mV 85C Model Minimum Pulse Width 'divisorGenerico_e_Interface:interfaceBaseTempo|flipflop:registraUmSegundo|DOUT'
Slack : 0.147
TNS   : 0.000

Type  : Fast 1100mV 0C Model Setup 'CLOCK_50'
Slack : -4.062
TNS   : -1560.263

Type  : Fast 1100mV 0C Model Hold 'CLOCK_50'
Slack : -0.383
TNS   : -1.546

Type  : Fast 1100mV 0C Model Recovery 'divisorGenerico_e_Interface:interfaceBaseTempo|flipflop:registraUmSegundo|DOUT'
Slack : -3.068
TNS   : -3.068

Type  : Fast 1100mV 0C Model Recovery 'divisorGenerico_e_Interface:interfaceBaseTempo|divisorGenerico:baseTempo|tick'
Slack : -2.894
TNS   : -2.894

Type  : Fast 1100mV 0C Model Recovery 'KEY[1]'
Slack : -1.372
TNS   : -1.372

Type  : Fast 1100mV 0C Model Recovery 'KEY[2]'
Slack : -1.312
TNS   : -1.312

Type  : Fast 1100mV 0C Model Removal 'KEY[1]'
Slack : 0.124
TNS   : 0.000

Type  : Fast 1100mV 0C Model Removal 'KEY[2]'
Slack : 0.181
TNS   : 0.000

Type  : Fast 1100mV 0C Model Removal 'divisorGenerico_e_Interface:interfaceBaseTempo|divisorGenerico:baseTempo|tick'
Slack : 1.814
TNS   : 0.000

Type  : Fast 1100mV 0C Model Removal 'divisorGenerico_e_Interface:interfaceBaseTempo|flipflop:registraUmSegundo|DOUT'
Slack : 2.011
TNS   : 0.000

Type  : Fast 1100mV 0C Model Minimum Pulse Width 'CLOCK_50'
Slack : -0.684
TNS   : -329.234

Type  : Fast 1100mV 0C Model Minimum Pulse Width 'KEY[1]'
Slack : -0.551
TNS   : -1.677

Type  : Fast 1100mV 0C Model Minimum Pulse Width 'KEY[2]'
Slack : -0.506
TNS   : -1.501

Type  : Fast 1100mV 0C Model Minimum Pulse Width 'divisorGenerico_e_Interface:interfaceBaseTempo|divisorGenerico:baseTempo|tick'
Slack : 0.115
TNS   : 0.000

Type  : Fast 1100mV 0C Model Minimum Pulse Width 'divisorGenerico_e_Interface:interfaceBaseTempo|flipflop:registraUmSegundo|DOUT'
Slack : 0.148
TNS   : 0.000

------------------------------------------------------------
