------------------------------------------------------------
Timing Analyzer Summary
------------------------------------------------------------

Type  : Slow 1100mV 85C Model Setup 'CLOCK_50'
Slack : -8.966
TNS   : -4007.885

Type  : Slow 1100mV 85C Model Hold 'CLOCK_50'
Slack : 0.280
TNS   : 0.000

Type  : Slow 1100mV 85C Model Recovery 'divisorGenerico_e_Interface:interfaceBaseTempo|flipflop:registraUmSegundo|DOUT'
Slack : -7.925
TNS   : -7.925

Type  : Slow 1100mV 85C Model Recovery 'SW[9]'
Slack : -5.534
TNS   : -5.534

Type  : Slow 1100mV 85C Model Recovery 'KEY[2]'
Slack : -4.701
TNS   : -4.701

Type  : Slow 1100mV 85C Model Recovery 'KEY[3]'
Slack : -4.613
TNS   : -4.613

Type  : Slow 1100mV 85C Model Recovery 'KEY[1]'
Slack : -4.540
TNS   : -4.540

Type  : Slow 1100mV 85C Model Removal 'KEY[1]'
Slack : 1.274
TNS   : 0.000

Type  : Slow 1100mV 85C Model Removal 'KEY[2]'
Slack : 1.297
TNS   : 0.000

Type  : Slow 1100mV 85C Model Removal 'KEY[3]'
Slack : 1.316
TNS   : 0.000

Type  : Slow 1100mV 85C Model Removal 'SW[9]'
Slack : 1.614
TNS   : 0.000

Type  : Slow 1100mV 85C Model Removal 'divisorGenerico_e_Interface:interfaceBaseTempo|flipflop:registraUmSegundo|DOUT'
Slack : 4.232
TNS   : 0.000

Type  : Slow 1100mV 85C Model Minimum Pulse Width 'CLOCK_50'
Slack : -0.538
TNS   : -564.990

Type  : Slow 1100mV 85C Model Minimum Pulse Width 'SW[9]'
Slack : -0.538
TNS   : -1.046

Type  : Slow 1100mV 85C Model Minimum Pulse Width 'KEY[3]'
Slack : -0.538
TNS   : -0.926

Type  : Slow 1100mV 85C Model Minimum Pulse Width 'KEY[2]'
Slack : -0.538
TNS   : -0.905

Type  : Slow 1100mV 85C Model Minimum Pulse Width 'KEY[1]'
Slack : -0.538
TNS   : -0.897

Type  : Slow 1100mV 85C Model Minimum Pulse Width 'divisorGenerico_e_Interface:interfaceBaseTempo|flipflop:registraUmSegundo|DOUT'
Slack : -0.538
TNS   : -0.778

Type  : Slow 1100mV 0C Model Setup 'CLOCK_50'
Slack : -8.979
TNS   : -3897.021

Type  : Slow 1100mV 0C Model Hold 'CLOCK_50'
Slack : 0.264
TNS   : 0.000

Type  : Slow 1100mV 0C Model Recovery 'divisorGenerico_e_Interface:interfaceBaseTempo|flipflop:registraUmSegundo|DOUT'
Slack : -8.094
TNS   : -8.094

Type  : Slow 1100mV 0C Model Recovery 'SW[9]'
Slack : -5.752
TNS   : -5.752

Type  : Slow 1100mV 0C Model Recovery 'KEY[2]'
Slack : -5.017
TNS   : -5.017

Type  : Slow 1100mV 0C Model Recovery 'KEY[3]'
Slack : -4.884
TNS   : -4.884

Type  : Slow 1100mV 0C Model Recovery 'KEY[1]'
Slack : -4.864
TNS   : -4.864

Type  : Slow 1100mV 0C Model Removal 'KEY[2]'
Slack : 1.354
TNS   : 0.000

Type  : Slow 1100mV 0C Model Removal 'KEY[1]'
Slack : 1.395
TNS   : 0.000

Type  : Slow 1100mV 0C Model Removal 'KEY[3]'
Slack : 1.500
TNS   : 0.000

Type  : Slow 1100mV 0C Model Removal 'SW[9]'
Slack : 1.692
TNS   : 0.000

Type  : Slow 1100mV 0C Model Removal 'divisorGenerico_e_Interface:interfaceBaseTempo|flipflop:registraUmSegundo|DOUT'
Slack : 4.267
TNS   : 0.000

Type  : Slow 1100mV 0C Model Minimum Pulse Width 'CLOCK_50'
Slack : -0.538
TNS   : -501.347

Type  : Slow 1100mV 0C Model Minimum Pulse Width 'SW[9]'
Slack : -0.538
TNS   : -1.063

Type  : Slow 1100mV 0C Model Minimum Pulse Width 'KEY[3]'
Slack : -0.538
TNS   : -0.957

Type  : Slow 1100mV 0C Model Minimum Pulse Width 'KEY[1]'
Slack : -0.538
TNS   : -0.919

Type  : Slow 1100mV 0C Model Minimum Pulse Width 'KEY[2]'
Slack : -0.538
TNS   : -0.907

Type  : Slow 1100mV 0C Model Minimum Pulse Width 'divisorGenerico_e_Interface:interfaceBaseTempo|flipflop:registraUmSegundo|DOUT'
Slack : -0.538
TNS   : -0.773

Type  : Fast 1100mV 85C Model Setup 'CLOCK_50'
Slack : -4.140
TNS   : -1709.219

Type  : Fast 1100mV 85C Model Hold 'CLOCK_50'
Slack : -0.080
TNS   : -0.080

Type  : Fast 1100mV 85C Model Recovery 'divisorGenerico_e_Interface:interfaceBaseTempo|flipflop:registraUmSegundo|DOUT'
Slack : -3.765
TNS   : -3.765

Type  : Fast 1100mV 85C Model Recovery 'SW[9]'
Slack : -2.736
TNS   : -2.736

Type  : Fast 1100mV 85C Model Recovery 'KEY[2]'
Slack : -1.878
TNS   : -1.878

Type  : Fast 1100mV 85C Model Recovery 'KEY[3]'
Slack : -1.866
TNS   : -1.866

Type  : Fast 1100mV 85C Model Recovery 'KEY[1]'
Slack : -1.735
TNS   : -1.735

Type  : Fast 1100mV 85C Model Removal 'KEY[1]'
Slack : 0.291
TNS   : 0.000

Type  : Fast 1100mV 85C Model Removal 'KEY[3]'
Slack : 0.316
TNS   : 0.000

Type  : Fast 1100mV 85C Model Removal 'KEY[2]'
Slack : 0.464
TNS   : 0.000

Type  : Fast 1100mV 85C Model Removal 'SW[9]'
Slack : 0.913
TNS   : 0.000

Type  : Fast 1100mV 85C Model Removal 'divisorGenerico_e_Interface:interfaceBaseTempo|flipflop:registraUmSegundo|DOUT'
Slack : 1.990
TNS   : 0.000

Type  : Fast 1100mV 85C Model Minimum Pulse Width 'SW[9]'
Slack : -0.611
TNS   : -1.624

Type  : Fast 1100mV 85C Model Minimum Pulse Width 'KEY[3]'
Slack : -0.481
TNS   : -1.332

Type  : Fast 1100mV 85C Model Minimum Pulse Width 'KEY[1]'
Slack : -0.430
TNS   : -1.252

Type  : Fast 1100mV 85C Model Minimum Pulse Width 'KEY[2]'
Slack : -0.419
TNS   : -1.192

Type  : Fast 1100mV 85C Model Minimum Pulse Width 'CLOCK_50'
Slack : -0.409
TNS   : -289.420

Type  : Fast 1100mV 85C Model Minimum Pulse Width 'divisorGenerico_e_Interface:interfaceBaseTempo|flipflop:registraUmSegundo|DOUT'
Slack : 0.165
TNS   : 0.000

Type  : Fast 1100mV 0C Model Setup 'CLOCK_50'
Slack : -3.637
TNS   : -1473.891

Type  : Fast 1100mV 0C Model Hold 'CLOCK_50'
Slack : -0.194
TNS   : -0.217

Type  : Fast 1100mV 0C Model Recovery 'divisorGenerico_e_Interface:interfaceBaseTempo|flipflop:registraUmSegundo|DOUT'
Slack : -3.412
TNS   : -3.412

Type  : Fast 1100mV 0C Model Recovery 'SW[9]'
Slack : -2.419
TNS   : -2.419

Type  : Fast 1100mV 0C Model Recovery 'KEY[2]'
Slack : -1.607
TNS   : -1.607

Type  : Fast 1100mV 0C Model Recovery 'KEY[3]'
Slack : -1.607
TNS   : -1.607

Type  : Fast 1100mV 0C Model Recovery 'KEY[1]'
Slack : -1.472
TNS   : -1.472

Type  : Fast 1100mV 0C Model Removal 'KEY[1]'
Slack : 0.240
TNS   : 0.000

Type  : Fast 1100mV 0C Model Removal 'KEY[3]'
Slack : 0.311
TNS   : 0.000

Type  : Fast 1100mV 0C Model Removal 'KEY[2]'
Slack : 0.408
TNS   : 0.000

Type  : Fast 1100mV 0C Model Removal 'SW[9]'
Slack : 0.852
TNS   : 0.000

Type  : Fast 1100mV 0C Model Removal 'divisorGenerico_e_Interface:interfaceBaseTempo|flipflop:registraUmSegundo|DOUT'
Slack : 1.891
TNS   : 0.000

Type  : Fast 1100mV 0C Model Minimum Pulse Width 'SW[9]'
Slack : -0.654
TNS   : -1.862

Type  : Fast 1100mV 0C Model Minimum Pulse Width 'KEY[3]'
Slack : -0.544
TNS   : -1.596

Type  : Fast 1100mV 0C Model Minimum Pulse Width 'KEY[1]'
Slack : -0.496
TNS   : -1.508

Type  : Fast 1100mV 0C Model Minimum Pulse Width 'KEY[2]'
Slack : -0.488
TNS   : -1.468

Type  : Fast 1100mV 0C Model Minimum Pulse Width 'CLOCK_50'
Slack : -0.446
TNS   : -345.956

Type  : Fast 1100mV 0C Model Minimum Pulse Width 'divisorGenerico_e_Interface:interfaceBaseTempo|flipflop:registraUmSegundo|DOUT'
Slack : 0.163
TNS   : 0.000

------------------------------------------------------------
