------------------------------------------------------------
Timing Analyzer Summary
------------------------------------------------------------

Type  : Slow 1100mV 85C Model Setup 'CLOCK_50'
Slack : -8.872
TNS   : -3938.841

Type  : Slow 1100mV 85C Model Hold 'CLOCK_50'
Slack : 0.462
TNS   : 0.000

Type  : Slow 1100mV 85C Model Recovery 'KEY[2]'
Slack : -4.383
TNS   : -4.383

Type  : Slow 1100mV 85C Model Recovery 'KEY[0]'
Slack : -4.094
TNS   : -4.094

Type  : Slow 1100mV 85C Model Recovery 'KEY[1]'
Slack : -3.899
TNS   : -3.899

Type  : Slow 1100mV 85C Model Removal 'KEY[1]'
Slack : 1.363
TNS   : 0.000

Type  : Slow 1100mV 85C Model Removal 'KEY[0]'
Slack : 1.514
TNS   : 0.000

Type  : Slow 1100mV 85C Model Removal 'KEY[2]'
Slack : 1.610
TNS   : 0.000

Type  : Slow 1100mV 85C Model Minimum Pulse Width 'CLOCK_50'
Slack : -0.538
TNS   : -519.005

Type  : Slow 1100mV 85C Model Minimum Pulse Width 'KEY[1]'
Slack : -0.538
TNS   : -0.873

Type  : Slow 1100mV 85C Model Minimum Pulse Width 'KEY[2]'
Slack : -0.538
TNS   : -0.826

Type  : Slow 1100mV 85C Model Minimum Pulse Width 'KEY[0]'
Slack : -0.538
TNS   : -0.807

Type  : Slow 1100mV 0C Model Setup 'CLOCK_50'
Slack : -8.952
TNS   : -3827.624

Type  : Slow 1100mV 0C Model Hold 'CLOCK_50'
Slack : 0.489
TNS   : 0.000

Type  : Slow 1100mV 0C Model Recovery 'KEY[2]'
Slack : -4.591
TNS   : -4.591

Type  : Slow 1100mV 0C Model Recovery 'KEY[0]'
Slack : -4.290
TNS   : -4.290

Type  : Slow 1100mV 0C Model Recovery 'KEY[1]'
Slack : -4.142
TNS   : -4.142

Type  : Slow 1100mV 0C Model Removal 'KEY[1]'
Slack : 1.451
TNS   : 0.000

Type  : Slow 1100mV 0C Model Removal 'KEY[0]'
Slack : 1.654
TNS   : 0.000

Type  : Slow 1100mV 0C Model Removal 'KEY[2]'
Slack : 1.655
TNS   : 0.000

Type  : Slow 1100mV 0C Model Minimum Pulse Width 'CLOCK_50'
Slack : -0.538
TNS   : -461.385

Type  : Slow 1100mV 0C Model Minimum Pulse Width 'KEY[1]'
Slack : -0.538
TNS   : -0.899

Type  : Slow 1100mV 0C Model Minimum Pulse Width 'KEY[2]'
Slack : -0.538
TNS   : -0.831

Type  : Slow 1100mV 0C Model Minimum Pulse Width 'KEY[0]'
Slack : -0.538
TNS   : -0.789

Type  : Fast 1100mV 85C Model Setup 'CLOCK_50'
Slack : -4.045
TNS   : -1772.378

Type  : Fast 1100mV 85C Model Hold 'CLOCK_50'
Slack : 0.180
TNS   : 0.000

Type  : Fast 1100mV 85C Model Recovery 'KEY[2]'
Slack : -1.681
TNS   : -1.681

Type  : Fast 1100mV 85C Model Recovery 'KEY[1]'
Slack : -1.564
TNS   : -1.564

Type  : Fast 1100mV 85C Model Recovery 'KEY[0]'
Slack : -1.540
TNS   : -1.540

Type  : Fast 1100mV 85C Model Removal 'KEY[1]'
Slack : 0.320
TNS   : 0.000

Type  : Fast 1100mV 85C Model Removal 'KEY[0]'
Slack : 0.376
TNS   : 0.000

Type  : Fast 1100mV 85C Model Removal 'KEY[2]'
Slack : 0.508
TNS   : 0.000

Type  : Fast 1100mV 85C Model Minimum Pulse Width 'KEY[2]'
Slack : -0.458
TNS   : -1.294

Type  : Fast 1100mV 85C Model Minimum Pulse Width 'CLOCK_50'
Slack : -0.409
TNS   : -264.715

Type  : Fast 1100mV 85C Model Minimum Pulse Width 'KEY[1]'
Slack : -0.388
TNS   : -1.167

Type  : Fast 1100mV 85C Model Minimum Pulse Width 'KEY[0]'
Slack : -0.384
TNS   : -1.125

Type  : Fast 1100mV 0C Model Setup 'CLOCK_50'
Slack : -3.599
TNS   : -1536.112

Type  : Fast 1100mV 0C Model Hold 'CLOCK_50'
Slack : 0.112
TNS   : 0.000

Type  : Fast 1100mV 0C Model Recovery 'KEY[2]'
Slack : -1.479
TNS   : -1.479

Type  : Fast 1100mV 0C Model Recovery 'KEY[1]'
Slack : -1.332
TNS   : -1.332

Type  : Fast 1100mV 0C Model Recovery 'KEY[0]'
Slack : -1.326
TNS   : -1.326

Type  : Fast 1100mV 0C Model Removal 'KEY[1]'
Slack : 0.276
TNS   : 0.000

Type  : Fast 1100mV 0C Model Removal 'KEY[0]'
Slack : 0.335
TNS   : 0.000

Type  : Fast 1100mV 0C Model Removal 'KEY[2]'
Slack : 0.443
TNS   : 0.000

Type  : Fast 1100mV 0C Model Minimum Pulse Width 'KEY[2]'
Slack : -0.513
TNS   : -1.532

Type  : Fast 1100mV 0C Model Minimum Pulse Width 'KEY[1]'
Slack : -0.459
TNS   : -1.435

Type  : Fast 1100mV 0C Model Minimum Pulse Width 'KEY[0]'
Slack : -0.450
TNS   : -1.388

Type  : Fast 1100mV 0C Model Minimum Pulse Width 'CLOCK_50'
Slack : -0.446
TNS   : -317.170

------------------------------------------------------------
